http://localhost/parduotuve/newsz